<div>http://ld.nice.org.uk/prov/entity#98ead3d:qualitystandards/qs70/st2/Statement.md</div>
<div>resource:FF2ED3E529E5BDCDED86C24D3277F8A156814492DFE352A09804DF3228109D63</div>
<div>http://ld.nice.org.uk/ns/qualitystandard/setting#Primary care setting</div>
<div>Children and young people have an agreed review date if they, or their
parents or carers, are given advice about changing their daily routine
to help with bedwetting.</div>
<ul>
    <li>prov:Entity</li>
    <li>owl:NamedIndividual</li>
</ul>
