<div>http://ld.nice.org.uk/prov/entity#98ead3d:qualitystandards/qs18/st1/Statement.md</div>
<div>resource:FE95BF71CE72BCB37C4E2E568E5B1F8187D8B087F1CC4459DC438DCAA07BE513</div>
<div>http://ld.nice.org.uk/ns/qualitystandard/setting#Primary care setting</div>
<div>Women aged 50 years or over reporting one or more symptoms occurring
persistently or frequently that suggest ovarian cancer are offered a
CA125 test.</div>
<ul>
    <li>prov:Entity</li>
    <li>owl:NamedIndividual</li>
</ul>
